{
  "fr": {
    "error-element": {
      "meta": {
        "todo": []
      }
    },
    "simple-text-element": {
      "meta": {
        "todo": []
      },
      "model": {},
      "text": "fr  outermost text at the beginning ",
      "h1_3": "fr outermost header 1",
      "text_4": "fr  outermost text in the middle ",
      "span_5": "fr simple text without id",
      "span_6": "fr simple text without id 2",
      "label-1": "fr simple text with id",
      "label-2": "fr simple text with id 2",
      "div_9:span": "fr simple text within div",
      "div_9:span_1": "fr simple text within div 2",
      "div_9:div_2:div": "fr great grandchild text within div",
      "div_10:text": "fr  simple text as the first element in div ",
      "div_10:span_1": "fr simple text within div",
      "div_10:text_2": "fr  simple text in the middle of div ",
      "div_10:span_3": "fr simple text within div 2",
      "div_10:div_4:div": "fr great grandchild text within div",
      "div_10:text_5": "fr  simple text at the last element in div ",
      "toplevel-div:span": "fr simple text within div",
      "toplevel-div:span_1": "fr simple text within div 2",
      "third-level-div": "fr great grandchild text within div",
      "second-level-div:div_1": "fr great grandchild text within div without id",
      "div_12:ul:li": "fr line item without id 1",
      "div_12:ul:li_1": "fr line item without id 2",
      "div_12:ul:li_2": "fr line item without id 3",
      "line-items:li": "fr line item with id 1",
      "line-items:li_1": "fr line item with id 2",
      "line-items:li_2": "fr line item with id 3",
      "p_13": [
        "fr A paragraph with {1} is converted to {2}.",
        "fr parameters",
        "fr <i18n-format>"
      ],
      "paragraph": [
        "fr A paragraph with {1} is converted to {2}.",
        "fr id",
        "fr <i18n-format>"
      ],
      "text_15": "fr  outermost text at the end "
    },
    "simple-text-element-empty": {
      "meta": {
        "todo": [
          {
            "op": "add",
            "path": "/text",
            "value": " outermost text at the beginning "
          },
          {
            "op": "add",
            "path": "/h1_3",
            "value": "outermost header 1"
          },
          {
            "op": "add",
            "path": "/text_4",
            "value": " outermost text in the middle "
          },
          {
            "op": "add",
            "path": "/span_5",
            "value": "simple text without id"
          },
          {
            "op": "add",
            "path": "/span_6",
            "value": "simple text without id 2"
          },
          {
            "op": "add",
            "path": "/label-1",
            "value": "simple text with id"
          },
          {
            "op": "add",
            "path": "/label-2",
            "value": "simple text with id 2"
          },
          {
            "op": "add",
            "path": "/div_9:span",
            "value": "simple text within div"
          },
          {
            "op": "add",
            "path": "/div_9:span_1",
            "value": "simple text within div 2"
          },
          {
            "op": "add",
            "path": "/div_9:div_2:div",
            "value": "great grandchild text within div"
          },
          {
            "op": "add",
            "path": "/div_10:text",
            "value": " simple text as the first element in div "
          },
          {
            "op": "add",
            "path": "/div_10:span_1",
            "value": "simple text within div"
          },
          {
            "op": "add",
            "path": "/div_10:text_2",
            "value": " simple text in the middle of div "
          },
          {
            "op": "add",
            "path": "/div_10:span_3",
            "value": "simple text within div 2"
          },
          {
            "op": "add",
            "path": "/div_10:div_4:div",
            "value": "great grandchild text within div"
          },
          {
            "op": "add",
            "path": "/div_10:text_5",
            "value": " simple text at the last element in div "
          },
          {
            "op": "add",
            "path": "/toplevel-div:span",
            "value": "simple text within div"
          },
          {
            "op": "add",
            "path": "/toplevel-div:span_1",
            "value": "simple text within div 2"
          },
          {
            "op": "add",
            "path": "/third-level-div",
            "value": "great grandchild text within div"
          },
          {
            "op": "add",
            "path": "/second-level-div:div_1",
            "value": "great grandchild text within div without id"
          },
          {
            "op": "add",
            "path": "/div_12:ul:li",
            "value": "line item without id 1"
          },
          {
            "op": "add",
            "path": "/div_12:ul:li_1",
            "value": "line item without id 2"
          },
          {
            "op": "add",
            "path": "/div_12:ul:li_2",
            "value": "line item without id 3"
          },
          {
            "op": "add",
            "path": "/line-items:li",
            "value": "line item with id 1"
          },
          {
            "op": "add",
            "path": "/line-items:li_1",
            "value": "line item with id 2"
          },
          {
            "op": "add",
            "path": "/line-items:li_2",
            "value": "line item with id 3"
          },
          {
            "op": "add",
            "path": "/p_13/0",
            "value": "A paragraph with {1} is converted to {2}."
          },
          {
            "op": "add",
            "path": "/p_13/1",
            "value": "parameters"
          },
          {
            "op": "add",
            "path": "/p_13/2",
            "value": "<i18n-format>"
          },
          {
            "op": "add",
            "path": "/paragraph/0",
            "value": "A paragraph with {1} is converted to {2}."
          },
          {
            "op": "add",
            "path": "/paragraph/1",
            "value": "id"
          },
          {
            "op": "add",
            "path": "/paragraph/2",
            "value": "<i18n-format>"
          },
          {
            "op": "add",
            "path": "/text_15",
            "value": " outermost text at the end "
          }
        ]
      },
      "model": {},
      "text": " outermost text at the beginning ",
      "h1_3": "outermost header 1",
      "text_4": " outermost text in the middle ",
      "span_5": "simple text without id",
      "span_6": "simple text without id 2",
      "label-1": "simple text with id",
      "label-2": "simple text with id 2",
      "div_9:span": "simple text within div",
      "div_9:span_1": "simple text within div 2",
      "div_9:div_2:div": "great grandchild text within div",
      "div_10:text": " simple text as the first element in div ",
      "div_10:span_1": "simple text within div",
      "div_10:text_2": " simple text in the middle of div ",
      "div_10:span_3": "simple text within div 2",
      "div_10:div_4:div": "great grandchild text within div",
      "div_10:text_5": " simple text at the last element in div ",
      "toplevel-div:span": "simple text within div",
      "toplevel-div:span_1": "simple text within div 2",
      "third-level-div": "great grandchild text within div",
      "second-level-div:div_1": "great grandchild text within div without id",
      "div_12:ul:li": "line item without id 1",
      "div_12:ul:li_1": "line item without id 2",
      "div_12:ul:li_2": "line item without id 3",
      "line-items:li": "line item with id 1",
      "line-items:li_1": "line item with id 2",
      "line-items:li_2": "line item with id 3",
      "p_13": [
        "A paragraph with {1} is converted to {2}.",
        "parameters",
        "<i18n-format>"
      ],
      "paragraph": [
        "A paragraph with {1} is converted to {2}.",
        "id",
        "<i18n-format>"
      ],
      "text_15": " outermost text at the end "
    },
    "simple-text-element-empty-json": {
      "meta": {
        "todo": [
          {
            "op": "add",
            "path": "/text",
            "value": " outermost text at the beginning "
          },
          {
            "op": "add",
            "path": "/h1_3",
            "value": "outermost header 1"
          },
          {
            "op": "add",
            "path": "/text_4",
            "value": " outermost text in the middle "
          },
          {
            "op": "add",
            "path": "/span_5",
            "value": "simple text without id"
          },
          {
            "op": "add",
            "path": "/span_6",
            "value": "simple text without id 2"
          },
          {
            "op": "add",
            "path": "/label-1",
            "value": "simple text with id"
          },
          {
            "op": "add",
            "path": "/label-2",
            "value": "simple text with id 2"
          },
          {
            "op": "add",
            "path": "/div_9:span",
            "value": "simple text within div"
          },
          {
            "op": "add",
            "path": "/div_9:span_1",
            "value": "simple text within div 2"
          },
          {
            "op": "add",
            "path": "/div_9:div_2:div",
            "value": "great grandchild text within div"
          },
          {
            "op": "add",
            "path": "/div_10:text",
            "value": " simple text as the first element in div "
          },
          {
            "op": "add",
            "path": "/div_10:span_1",
            "value": "simple text within div"
          },
          {
            "op": "add",
            "path": "/div_10:text_2",
            "value": " simple text in the middle of div "
          },
          {
            "op": "add",
            "path": "/div_10:span_3",
            "value": "simple text within div 2"
          },
          {
            "op": "add",
            "path": "/div_10:div_4:div",
            "value": "great grandchild text within div"
          },
          {
            "op": "add",
            "path": "/div_10:text_5",
            "value": " simple text at the last element in div "
          },
          {
            "op": "add",
            "path": "/toplevel-div:span",
            "value": "simple text within div"
          },
          {
            "op": "add",
            "path": "/toplevel-div:span_1",
            "value": "simple text within div 2"
          },
          {
            "op": "add",
            "path": "/third-level-div",
            "value": "great grandchild text within div"
          },
          {
            "op": "add",
            "path": "/second-level-div:div_1",
            "value": "great grandchild text within div without id"
          },
          {
            "op": "add",
            "path": "/div_12:ul:li",
            "value": "line item without id 1"
          },
          {
            "op": "add",
            "path": "/div_12:ul:li_1",
            "value": "line item without id 2"
          },
          {
            "op": "add",
            "path": "/div_12:ul:li_2",
            "value": "line item without id 3"
          },
          {
            "op": "add",
            "path": "/line-items:li",
            "value": "line item with id 1"
          },
          {
            "op": "add",
            "path": "/line-items:li_1",
            "value": "line item with id 2"
          },
          {
            "op": "add",
            "path": "/line-items:li_2",
            "value": "line item with id 3"
          },
          {
            "op": "add",
            "path": "/p_13/0",
            "value": "A paragraph with {1} is converted to {2}."
          },
          {
            "op": "add",
            "path": "/p_13/1",
            "value": "parameters"
          },
          {
            "op": "add",
            "path": "/p_13/2",
            "value": "<i18n-format>"
          },
          {
            "op": "add",
            "path": "/paragraph/0",
            "value": "A paragraph with {1} is converted to {2}."
          },
          {
            "op": "add",
            "path": "/paragraph/1",
            "value": "id"
          },
          {
            "op": "add",
            "path": "/paragraph/2",
            "value": "<i18n-format>"
          },
          {
            "op": "add",
            "path": "/text_15",
            "value": " outermost text at the end "
          }
        ]
      },
      "model": {},
      "text": " outermost text at the beginning ",
      "h1_3": "outermost header 1",
      "text_4": " outermost text in the middle ",
      "span_5": "simple text without id",
      "span_6": "simple text without id 2",
      "label-1": "simple text with id",
      "label-2": "simple text with id 2",
      "div_9:span": "simple text within div",
      "div_9:span_1": "simple text within div 2",
      "div_9:div_2:div": "great grandchild text within div",
      "div_10:text": " simple text as the first element in div ",
      "div_10:span_1": "simple text within div",
      "div_10:text_2": " simple text in the middle of div ",
      "div_10:span_3": "simple text within div 2",
      "div_10:div_4:div": "great grandchild text within div",
      "div_10:text_5": " simple text at the last element in div ",
      "toplevel-div:span": "simple text within div",
      "toplevel-div:span_1": "simple text within div 2",
      "third-level-div": "great grandchild text within div",
      "second-level-div:div_1": "great grandchild text within div without id",
      "div_12:ul:li": "line item without id 1",
      "div_12:ul:li_1": "line item without id 2",
      "div_12:ul:li_2": "line item without id 3",
      "line-items:li": "line item with id 1",
      "line-items:li_1": "line item with id 2",
      "line-items:li_2": "line item with id 3",
      "p_13": [
        "A paragraph with {1} is converted to {2}.",
        "parameters",
        "<i18n-format>"
      ],
      "paragraph": [
        "A paragraph with {1} is converted to {2}.",
        "id",
        "<i18n-format>"
      ],
      "text_15": " outermost text at the end "
    },
    "simple-text-element-updated": {
      "meta": {
        "todo": [
          {
            "op": "replace",
            "path": "/renamed-second-level-div:div_1",
            "value": "great grandchild text within div without id"
          },
          {
            "op": "add",
            "path": "/renamed-manual-object/name2",
            "value": "name 2"
          },
          {
            "op": "add",
            "path": "/renamed-paragraph/1",
            "value": "id"
          },
          {
            "op": "add",
            "path": "/added-1",
            "value": "added text 1"
          },
          {
            "op": "add",
            "path": "/added-2",
            "value": "added text 2"
          },
          {
            "op": "add",
            "path": "/added-3",
            "value": "added text 3"
          },
          {
            "op": "replace",
            "path": "/span_5",
            "value": "updated simple text without id"
          },
          {
            "op": "replace",
            "path": "/span_6",
            "value": "updated simple text without id 2"
          },
          {
            "op": "replace",
            "path": "/label-1",
            "value": "updated simple text with id"
          },
          {
            "op": "replace",
            "path": "/label-2",
            "value": "updated simple text with id 2"
          },
          {
            "op": "replace",
            "path": "/div_9:span",
            "value": "updated simple text within div"
          },
          {
            "op": "replace",
            "path": "/div_9:span_1",
            "value": "updated simple text within div 2"
          },
          {
            "op": "replace",
            "path": "/div_10:text",
            "value": " updated simple text as the first element in div "
          },
          {
            "op": "replace",
            "path": "/div_10:span_1",
            "value": "updated simple text within div"
          },
          {
            "op": "replace",
            "path": "/div_10:text_2",
            "value": " updated simple text in the middle of div "
          },
          {
            "op": "replace",
            "path": "/div_10:span_3",
            "value": "updated simple text within div 2"
          },
          {
            "op": "replace",
            "path": "/div_10:text_5",
            "value": " updated simple text at the last element in div "
          },
          {
            "op": "replace",
            "path": "/toplevel-div:span",
            "value": "updated simple text within div"
          },
          {
            "op": "replace",
            "path": "/toplevel-div:span_1",
            "value": "updated simple text within div 2"
          },
          {
            "op": "replace",
            "path": "/p_13/0",
            "value": "An updated paragraph with {1} is converted to {2}."
          },
          {
            "op": "replace",
            "path": "/p_13/1",
            "value": "updated parameters"
          }
        ]
      },
      "model": {},
      "text": "fr  outermost text at the beginning ",
      "h1_3": "fr outermost header 1",
      "text_4": "fr  outermost text in the middle ",
      "span_5": "updated simple text without id",
      "span_6": "updated simple text without id 2",
      "label-1": "updated simple text with id",
      "label-2": "updated simple text with id 2",
      "div_9:span": "updated simple text within div",
      "div_9:span_1": "updated simple text within div 2",
      "div_9:div_2:div": "fr great grandchild text within div",
      "div_10:text": " updated simple text as the first element in div ",
      "div_10:span_1": "updated simple text within div",
      "div_10:text_2": " updated simple text in the middle of div ",
      "div_10:span_3": "updated simple text within div 2",
      "div_10:div_4:div": "fr great grandchild text within div",
      "div_10:text_5": " updated simple text at the last element in div ",
      "toplevel-div:span": "updated simple text within div",
      "toplevel-div:span_1": "updated simple text within div 2",
      "third-level-div": "fr great grandchild text within div",
      "renamed-second-level-div:div_1": "fr great grandchild text within div without id",
      "renamed-line-items:li": "fr line item with id 1",
      "renamed-line-items:li_1": "fr line item with id 2",
      "renamed-line-items:li_2": "fr line item with id 3",
      "p_13": [
        "An updated paragraph with {1} is converted to {2}.",
        "updated parameters",
        "fr <i18n-format>"
      ],
      "renamed-paragraph": [
        "fr A paragraph with {1} is converted to {2}.",
        "id",
        "fr <i18n-format>"
      ],
      "renamed-manual-object": {
        "name1": "fr name 1",
        "name2": "name 2"
      },
      "text_15": "fr  outermost text at the end ",
      "added-1": "added text 1",
      "added-2": "added text 2",
      "added-3": "added text 3"
    },
    "fallback-text-element": {
      "meta": {
        "todo": [
          {
            "op": "add",
            "path": "/div_9:span",
            "value": "simple text within div"
          },
          {
            "op": "add",
            "path": "/div_9:span_1",
            "value": "simple text within div 2"
          },
          {
            "op": "add",
            "path": "/div_9:div_2:div",
            "value": "great grandchild text within div"
          },
          {
            "op": "add",
            "path": "/div_10:text",
            "value": " simple text as the first element in div "
          },
          {
            "op": "add",
            "path": "/div_10:span_1",
            "value": "simple text within div"
          },
          {
            "op": "add",
            "path": "/div_10:text_2",
            "value": " simple text in the middle of div "
          },
          {
            "op": "add",
            "path": "/div_10:span_3",
            "value": "simple text within div 2"
          },
          {
            "op": "add",
            "path": "/div_10:div_4:div",
            "value": "great grandchild text within div"
          },
          {
            "op": "add",
            "path": "/div_10:text_5",
            "value": " simple text at the last element in div "
          }
        ]
      },
      "model": {},
      "text": "fr  outermost text at the beginning ",
      "h1_3": "fr outermost header 1",
      "text_4": "fr  outermost text in the middle ",
      "span_5": "fr simple text without id",
      "span_6": "fr simple text without id 2",
      "label-1": "fr simple text with id",
      "label-2": "fr simple text with id 2",
      "div_9:span": "simple text within div",
      "div_9:span_1": "simple text within div 2",
      "div_9:div_2:div": "great grandchild text within div",
      "div_10:text": " simple text as the first element in div ",
      "div_10:span_1": "simple text within div",
      "div_10:text_2": " simple text in the middle of div ",
      "div_10:span_3": "simple text within div 2",
      "div_10:div_4:div": "great grandchild text within div",
      "div_10:text_5": " simple text at the last element in div ",
      "toplevel-div:span": "fr simple text within div",
      "toplevel-div:span_1": "fr simple text within div 2",
      "third-level-div": "fr great grandchild text within div",
      "second-level-div:div_1": "fr great grandchild text within div without id",
      "div_12:ul:li": "fr line item without id 1",
      "div_12:ul:li_1": "fr line item without id 2",
      "div_12:ul:li_2": "fr line item without id 3",
      "line-items:li": "fr line item with id 1",
      "line-items:li_1": "fr line item with id 2",
      "line-items:li_2": "fr line item with id 3",
      "p_13": [
        "fr A paragraph with {1} is converted to {2}.",
        "fr parameters",
        "fr <i18n-format>"
      ],
      "paragraph": [
        "fr A paragraph with {1} is converted to {2}.",
        "fr id",
        "fr <i18n-format>"
      ],
      "text_15": "fr  outermost text at the end "
    }
  },
  "": {
    "error-element": {
      "meta": {}
    },
    "simple-text-element": {
      "meta": {},
      "model": {},
      "text": " outermost text at the beginning ",
      "h1_3": "outermost header 1",
      "text_4": " outermost text in the middle ",
      "span_5": "simple text without id",
      "span_6": "simple text without id 2",
      "label-1": "simple text with id",
      "label-2": "simple text with id 2",
      "div_9:span": "simple text within div",
      "div_9:span_1": "simple text within div 2",
      "div_9:div_2:div": "great grandchild text within div",
      "div_10:text": " simple text as the first element in div ",
      "div_10:span_1": "simple text within div",
      "div_10:text_2": " simple text in the middle of div ",
      "div_10:span_3": "simple text within div 2",
      "div_10:div_4:div": "great grandchild text within div",
      "div_10:text_5": " simple text at the last element in div ",
      "toplevel-div:span": "simple text within div",
      "toplevel-div:span_1": "simple text within div 2",
      "third-level-div": "great grandchild text within div",
      "second-level-div:div_1": "great grandchild text within div without id",
      "div_12:ul:li": "line item without id 1",
      "div_12:ul:li_1": "line item without id 2",
      "div_12:ul:li_2": "line item without id 3",
      "line-items:li": "line item with id 1",
      "line-items:li_1": "line item with id 2",
      "line-items:li_2": "line item with id 3",
      "p_13": [
        "A paragraph with {1} is converted to {2}.",
        "parameters",
        "<i18n-format>"
      ],
      "paragraph": [
        "A paragraph with {1} is converted to {2}.",
        "id",
        "<i18n-format>"
      ],
      "text_15": " outermost text at the end "
    },
    "simple-text-element-empty": {
      "meta": {},
      "model": {},
      "text": " outermost text at the beginning ",
      "h1_3": "outermost header 1",
      "text_4": " outermost text in the middle ",
      "span_5": "simple text without id",
      "span_6": "simple text without id 2",
      "label-1": "simple text with id",
      "label-2": "simple text with id 2",
      "div_9:span": "simple text within div",
      "div_9:span_1": "simple text within div 2",
      "div_9:div_2:div": "great grandchild text within div",
      "div_10:text": " simple text as the first element in div ",
      "div_10:span_1": "simple text within div",
      "div_10:text_2": " simple text in the middle of div ",
      "div_10:span_3": "simple text within div 2",
      "div_10:div_4:div": "great grandchild text within div",
      "div_10:text_5": " simple text at the last element in div ",
      "toplevel-div:span": "simple text within div",
      "toplevel-div:span_1": "simple text within div 2",
      "third-level-div": "great grandchild text within div",
      "second-level-div:div_1": "great grandchild text within div without id",
      "div_12:ul:li": "line item without id 1",
      "div_12:ul:li_1": "line item without id 2",
      "div_12:ul:li_2": "line item without id 3",
      "line-items:li": "line item with id 1",
      "line-items:li_1": "line item with id 2",
      "line-items:li_2": "line item with id 3",
      "p_13": [
        "A paragraph with {1} is converted to {2}.",
        "parameters",
        "<i18n-format>"
      ],
      "paragraph": [
        "A paragraph with {1} is converted to {2}.",
        "id",
        "<i18n-format>"
      ],
      "text_15": " outermost text at the end "
    },
    "simple-text-element-empty-json": {
      "meta": {},
      "model": {},
      "text": " outermost text at the beginning ",
      "h1_3": "outermost header 1",
      "text_4": " outermost text in the middle ",
      "span_5": "simple text without id",
      "span_6": "simple text without id 2",
      "label-1": "simple text with id",
      "label-2": "simple text with id 2",
      "div_9:span": "simple text within div",
      "div_9:span_1": "simple text within div 2",
      "div_9:div_2:div": "great grandchild text within div",
      "div_10:text": " simple text as the first element in div ",
      "div_10:span_1": "simple text within div",
      "div_10:text_2": " simple text in the middle of div ",
      "div_10:span_3": "simple text within div 2",
      "div_10:div_4:div": "great grandchild text within div",
      "div_10:text_5": " simple text at the last element in div ",
      "toplevel-div:span": "simple text within div",
      "toplevel-div:span_1": "simple text within div 2",
      "third-level-div": "great grandchild text within div",
      "second-level-div:div_1": "great grandchild text within div without id",
      "div_12:ul:li": "line item without id 1",
      "div_12:ul:li_1": "line item without id 2",
      "div_12:ul:li_2": "line item without id 3",
      "line-items:li": "line item with id 1",
      "line-items:li_1": "line item with id 2",
      "line-items:li_2": "line item with id 3",
      "p_13": [
        "A paragraph with {1} is converted to {2}.",
        "parameters",
        "<i18n-format>"
      ],
      "paragraph": [
        "A paragraph with {1} is converted to {2}.",
        "id",
        "<i18n-format>"
      ],
      "text_15": " outermost text at the end "
    },
    "simple-text-element-updated": {
      "meta": {},
      "model": {},
      "text": " outermost text at the beginning ",
      "h1_3": "outermost header 1",
      "text_4": " outermost text in the middle ",
      "span_5": "updated simple text without id",
      "span_6": "updated simple text without id 2",
      "label-1": "updated simple text with id",
      "label-2": "updated simple text with id 2",
      "div_9:span": "updated simple text within div",
      "div_9:span_1": "updated simple text within div 2",
      "div_9:div_2:div": "great grandchild text within div",
      "div_10:text": " updated simple text as the first element in div ",
      "div_10:span_1": "updated simple text within div",
      "div_10:text_2": " updated simple text in the middle of div ",
      "div_10:span_3": "updated simple text within div 2",
      "div_10:div_4:div": "great grandchild text within div",
      "div_10:text_5": " updated simple text at the last element in div ",
      "toplevel-div:span": "updated simple text within div",
      "toplevel-div:span_1": "updated simple text within div 2",
      "third-level-div": "great grandchild text within div",
      "renamed-second-level-div:div_1": "great grandchild text within div without id",
      "renamed-line-items:li": "line item with id 1",
      "renamed-line-items:li_1": "line item with id 2",
      "renamed-line-items:li_2": "line item with id 3",
      "p_13": [
        "An updated paragraph with {1} is converted to {2}.",
        "updated parameters",
        "<i18n-format>"
      ],
      "renamed-paragraph": [
        "A paragraph with {1} is converted to {2}.",
        "id",
        "<i18n-format>"
      ],
      "renamed-manual-object": {
        "name1": "name 1",
        "name2": "name 2"
      },
      "text_15": " outermost text at the end ",
      "added-1": "added text 1",
      "added-2": "added text 2",
      "added-3": "added text 3"
    },
    "fallback-text-element": {
      "meta": {},
      "model": {},
      "text": " outermost text at the beginning ",
      "h1_3": "outermost header 1",
      "text_4": " outermost text in the middle ",
      "span_5": "simple text without id",
      "span_6": "simple text without id 2",
      "label-1": "simple text with id",
      "label-2": "simple text with id 2",
      "div_9:span": "simple text within div",
      "div_9:span_1": "simple text within div 2",
      "div_9:div_2:div": "great grandchild text within div",
      "div_10:text": " simple text as the first element in div ",
      "div_10:span_1": "simple text within div",
      "div_10:text_2": " simple text in the middle of div ",
      "div_10:span_3": "simple text within div 2",
      "div_10:div_4:div": "great grandchild text within div",
      "div_10:text_5": " simple text at the last element in div ",
      "toplevel-div:span": "simple text within div",
      "toplevel-div:span_1": "simple text within div 2",
      "third-level-div": "great grandchild text within div",
      "second-level-div:div_1": "great grandchild text within div without id",
      "div_12:ul:li": "line item without id 1",
      "div_12:ul:li_1": "line item without id 2",
      "div_12:ul:li_2": "line item without id 3",
      "line-items:li": "line item with id 1",
      "line-items:li_1": "line item with id 2",
      "line-items:li_2": "line item with id 3",
      "p_13": [
        "A paragraph with {1} is converted to {2}.",
        "parameters",
        "<i18n-format>"
      ],
      "paragraph": [
        "A paragraph with {1} is converted to {2}.",
        "id",
        "<i18n-format>"
      ],
      "text_15": " outermost text at the end "
    }
  },
  "fr-CA": {
    "fallback-text-element": {
      "meta": {
        "todo": [
          {
            "op": "add",
            "path": "/div_9:span",
            "value": "simple text within div"
          },
          {
            "op": "add",
            "path": "/div_9:span_1",
            "value": "simple text within div 2"
          },
          {
            "op": "add",
            "path": "/div_9:div_2:div",
            "value": "great grandchild text within div"
          },
          {
            "op": "add",
            "path": "/div_10:text",
            "value": " simple text as the first element in div "
          },
          {
            "op": "add",
            "path": "/div_10:text_2",
            "value": " simple text in the middle of div "
          },
          {
            "op": "add",
            "path": "/div_10:span_3",
            "value": "simple text within div 2"
          },
          {
            "op": "add",
            "path": "/div_10:div_4:div",
            "value": "great grandchild text within div"
          },
          {
            "op": "add",
            "path": "/div_10:text_5",
            "value": " simple text at the last element in div "
          },
          {
            "op": "add",
            "path": "/div_12:ul:li",
            "value": "fr line item without id 1"
          },
          {
            "op": "add",
            "path": "/div_12:ul:li_1",
            "value": "fr line item without id 2"
          },
          {
            "op": "add",
            "path": "/div_12:ul:li_2",
            "value": "fr line item without id 3"
          },
          {
            "op": "add",
            "path": "/line-items:li",
            "value": "fr line item with id 1"
          },
          {
            "op": "add",
            "path": "/line-items:li_1",
            "value": "fr line item with id 2"
          },
          {
            "op": "add",
            "path": "/line-items:li_2",
            "value": "fr line item with id 3"
          }
        ]
      },
      "model": {},
      "text": "fr-CA  outermost text at the beginning ",
      "h1_3": "fr-CA outermost header 1",
      "text_4": "fr-CA  outermost text in the middle ",
      "span_5": "fr-CA simple text without id",
      "span_6": "fr-CA simple text without id 2",
      "label-1": "fr-CA simple text with id",
      "label-2": "fr-CA simple text with id 2",
      "div_9:span": "simple text within div",
      "div_9:span_1": "simple text within div 2",
      "div_9:div_2:div": "great grandchild text within div",
      "div_10:text": " simple text as the first element in div ",
      "div_10:span_1": "fr-CA simple text within div",
      "div_10:text_2": " simple text in the middle of div ",
      "div_10:span_3": "simple text within div 2",
      "div_10:div_4:div": "great grandchild text within div",
      "div_10:text_5": " simple text at the last element in div ",
      "toplevel-div:span": "fr-CA simple text within div",
      "toplevel-div:span_1": "fr-CA simple text within div 2",
      "third-level-div": "fr-CA great grandchild text within div",
      "second-level-div:div_1": "fr-CA great grandchild text within div without id",
      "div_12:ul:li": "fr line item without id 1",
      "div_12:ul:li_1": "fr line item without id 2",
      "div_12:ul:li_2": "fr line item without id 3",
      "line-items:li": "fr line item with id 1",
      "line-items:li_1": "fr line item with id 2",
      "line-items:li_2": "fr line item with id 3",
      "p_13": [
        "fr-CA A paragraph with {1} is converted to {2}.",
        "fr-CA parameters",
        "fr-CA <i18n-format>"
      ],
      "paragraph": [
        "fr-CA A paragraph with {1} is converted to {2}.",
        "fr-CA id",
        "fr-CA <i18n-format>"
      ],
      "text_15": "fr-CA  outermost text at the end "
    }
  },
  "zh-Hans-CN": {
    "fallback-text-element": {
      "meta": {
        "todo": [
          {
            "op": "add",
            "path": "/div_9:span",
            "value": "simple text within div"
          },
          {
            "op": "add",
            "path": "/div_9:span_1",
            "value": "simple text within div 2"
          },
          {
            "op": "add",
            "path": "/div_9:div_2:div",
            "value": "great grandchild text within div"
          },
          {
            "op": "add",
            "path": "/div_10:text",
            "value": " simple text as the first element in div "
          },
          {
            "op": "add",
            "path": "/div_10:text_2",
            "value": " simple text in the middle of div "
          },
          {
            "op": "add",
            "path": "/div_10:span_3",
            "value": "simple text within div 2"
          },
          {
            "op": "add",
            "path": "/div_10:div_4:div",
            "value": "great grandchild text within div"
          },
          {
            "op": "add",
            "path": "/div_10:text_5",
            "value": " simple text at the last element in div "
          },
          {
            "op": "add",
            "path": "/div_12:ul:li",
            "value": "line item without id 1"
          },
          {
            "op": "add",
            "path": "/div_12:ul:li_1",
            "value": "line item without id 2"
          },
          {
            "op": "add",
            "path": "/div_12:ul:li_2",
            "value": "line item without id 3"
          },
          {
            "op": "add",
            "path": "/line-items:li",
            "value": "line item with id 1"
          },
          {
            "op": "add",
            "path": "/line-items:li_1",
            "value": "line item with id 2"
          },
          {
            "op": "add",
            "path": "/line-items:li_2",
            "value": "line item with id 3"
          }
        ]
      },
      "model": {},
      "text": "zh-Hans-CN  outermost text at the beginning ",
      "h1_3": "zh-Hans-CN outermost header 1",
      "text_4": "zh-Hans-CN  outermost text in the middle ",
      "span_5": "zh-Hans-CN simple text without id",
      "span_6": "zh-Hans-CN simple text without id 2",
      "label-1": "zh-Hans-CN simple text with id",
      "label-2": "zh-Hans-CN simple text with id 2",
      "div_9:span": "simple text within div",
      "div_9:span_1": "simple text within div 2",
      "div_9:div_2:div": "great grandchild text within div",
      "div_10:text": " simple text as the first element in div ",
      "div_10:span_1": "zh-Hans-CN simple text within div",
      "div_10:text_2": " simple text in the middle of div ",
      "div_10:span_3": "simple text within div 2",
      "div_10:div_4:div": "great grandchild text within div",
      "div_10:text_5": " simple text at the last element in div ",
      "toplevel-div:span": "zh-Hans-CN simple text within div",
      "toplevel-div:span_1": "zh-Hans-CN simple text within div 2",
      "third-level-div": "zh-Hans-CN great grandchild text within div",
      "second-level-div:div_1": "zh-Hans-CN great grandchild text within div without id",
      "div_12:ul:li": "line item without id 1",
      "div_12:ul:li_1": "line item without id 2",
      "div_12:ul:li_2": "line item without id 3",
      "line-items:li": "line item with id 1",
      "line-items:li_1": "line item with id 2",
      "line-items:li_2": "line item with id 3",
      "p_13": [
        "zh-Hans-CN A paragraph with {1} is converted to {2}.",
        "zh-Hans-CN parameters",
        "zh-Hans-CN <i18n-format>"
      ],
      "paragraph": [
        "zh-Hans-CN A paragraph with {1} is converted to {2}.",
        "zh-Hans-CN id",
        "zh-Hans-CN <i18n-format>"
      ],
      "text_15": "zh-Hans-CN  outermost text at the end "
    }
  }
}