{
  "meta": {},
  "model": {},
  "text": " outermost text at the beginning ",
  "h1_3": "outermost header 1",
  "text_4": " outermost text in the middle ",
  "span_5": "updated simple text without id",
  "span_6": "updated simple text without id 2",
  "label-1": "updated simple text with id",
  "label-2": "updated simple text with id 2",
  "div_9:span": "updated simple text within div",
  "div_9:span_1": "updated simple text within div 2",
  "div_9:div_2:div": "great grandchild text within div",
  "div_10:text": " updated simple text as the first element in div ",
  "div_10:span_1": "updated simple text within div",
  "div_10:text_2": " updated simple text in the middle of div ",
  "div_10:span_3": "updated simple text within div 2",
  "div_10:div_4:div": "great grandchild text within div",
  "div_10:text_5": " updated simple text at the last element in div ",
  "toplevel-div:span": "updated simple text within div",
  "toplevel-div:span_1": "updated simple text within div 2",
  "third-level-div": "great grandchild text within div",
  "renamed-second-level-div:div_1": "great grandchild text within div without id",
  "renamed-line-items:li": "line item with id 1",
  "renamed-line-items:li_1": "line item with id 2",
  "renamed-line-items:li_2": "line item with id 3",
  "p_13": [
    "An updated paragraph with {1} is converted to {2}.",
    "updated parameters",
    "inserted parameter",
    "<i18n-format>",
    "parameter 2",
    "parameter 4",
    "parameter 5",
    "added parameter",
    "added parameter 2",
    "added parameter 3"
  ],
  "renamed-paragraph": [
    "A paragraph with {1} is converted to {2}.",
    "id",
    "<i18n-format>"
  ],
  "renamed-manual-object": {
    "name1": "name 1",
    "name2": "name 2"
  },
  "text_15": " outermost text at the end ",
  "added-1": "added text 1",
  "added-2": "added text 2",
  "added-3": "added text 3"
}